// Jest Snapshot v1, https://goo.gl/fbAQLP

exports[`should render Keyword correctly 1`] = `
<li>
  Test keyword
</li>
`;
